// Jest Snapshot v1, https://goo.gl/fbAQLP

exports[`App render with snapshot 1`] = `
<DocumentFragment>
  <div
    class="form"
  >
    <ul
      class="first"
    />
    <form
      class="form"
    >
      <div
        class="MuiInput-root MuiInput-underline MuiInputBase-root MuiInputBase-colorPrimary input css-1tcs2i1-MuiInputBase-root-MuiInput-root"
        data-testid="unput-element"
      >
        <input
          class="MuiInput-input MuiInputBase-input css-1x51dt5-MuiInputBase-input-MuiInput-input"
          placeholder="Введите текст"
          type="text"
          value=""
        />
      </div>
      <button
        class="MuiButton-root MuiButton-outlined MuiButton-outlinedPrimary MuiButton-sizeMedium MuiButton-outlinedSizeMedium MuiButtonBase-root Mui-disabled  css-1rwt2y5-MuiButtonBase-root-MuiButton-root"
        disabled=""
        tabindex="-1"
        type="submit"
      >
        click
      </button>
    </form>
  </div>
</DocumentFragment>
`;
